Archive member included because of file (symbol)

C:/workspaceMars/FreeRTOS801/Release/libFreeRTOS801.a(serial.o)
                              ./main.o (xSerialPort)
C:/workspaceMars/FreeRTOS801/Release/libFreeRTOS801.a(heap_4.o)
                              ./main.o (xPortGetFreeHeapSize)
C:/workspaceMars/FreeRTOS801/Release/libFreeRTOS801.a(tasks.o)
                              C:/workspaceMars/FreeRTOS801/Release/libFreeRTOS801.a(heap_4.o) (vTaskSuspendAll)
C:/workspaceMars/FreeRTOS801/Release/libFreeRTOS801.a(port.o)
                              C:/workspaceMars/FreeRTOS801/Release/libFreeRTOS801.a(tasks.o) (pxPortInitialiseStack)
C:/workspaceMars/FreeRTOS801/Release/libFreeRTOS801.a(system_tick.o)
                              C:/workspaceMars/FreeRTOS801/Release/libFreeRTOS801.a(port.o) (system_tick)
C:/workspaceMars/FreeRTOS801/Release/libFreeRTOS801.a(system_time.o)
                              C:/workspaceMars/FreeRTOS801/Release/libFreeRTOS801.a(system_tick.o) (__system_time)
C:/workspaceMars/FreeRTOS801/Release/libFreeRTOS801.a(list.o)
                              C:/workspaceMars/FreeRTOS801/Release/libFreeRTOS801.a(tasks.o) (vListInitialise)
c:/arduino/hardware/tools/avr/bin/../lib/gcc/avr/4.3.2/avr6\libgcc.a(_udivmodsi4.o)
                              C:/workspaceMars/FreeRTOS801/Release/libFreeRTOS801.a(serial.o) (__udivmodsi4)
c:/arduino/hardware/tools/avr/bin/../lib/gcc/avr/4.3.2/avr6\libgcc.a(_prologue.o)
                              ./main.o (__prologue_saves__)
c:/arduino/hardware/tools/avr/bin/../lib/gcc/avr/4.3.2/avr6\libgcc.a(_epilogue.o)
                              C:/workspaceMars/FreeRTOS801/Release/libFreeRTOS801.a(serial.o) (__epilogue_restores__)
c:/arduino/hardware/tools/avr/bin/../lib/gcc/avr/4.3.2/avr6\libgcc.a(_exit.o)
                              c:/arduino/hardware/tools/avr/bin/../lib/gcc/avr/4.3.2/../../../../avr/lib/avr6/crtm2560.o (exit)
c:/arduino/hardware/tools/avr/bin/../lib/gcc/avr/4.3.2/avr6\libgcc.a(_clear_bss.o)
                              ./main.o (__do_clear_bss)
c:/arduino/hardware/tools/avr/bin/../lib/gcc/avr/4.3.2/../../../../avr/lib/avr6\libc.a(strlen_P.o)
                              C:/workspaceMars/FreeRTOS801/Release/libFreeRTOS801.a(serial.o) (strlen_P)
c:/arduino/hardware/tools/avr/bin/../lib/gcc/avr/4.3.2/../../../../avr/lib/avr6\libc.a(memset.o)
                              C:/workspaceMars/FreeRTOS801/Release/libFreeRTOS801.a(tasks.o) (memset)
c:/arduino/hardware/tools/avr/bin/../lib/gcc/avr/4.3.2/../../../../avr/lib/avr6\libc.a(vsnprintf.o)
                              C:/workspaceMars/FreeRTOS801/Release/libFreeRTOS801.a(serial.o) (vsnprintf)
c:/arduino/hardware/tools/avr/bin/../lib/gcc/avr/4.3.2/../../../../avr/lib/avr6\libc.a(vsnprintf_p.o)
                              C:/workspaceMars/FreeRTOS801/Release/libFreeRTOS801.a(serial.o) (vsnprintf_P)
c:/arduino/hardware/tools/avr/bin/../lib/gcc/avr/4.3.2/../../../../avr/lib/avr6\libc.a(vfprintf_std.o)
                              c:/arduino/hardware/tools/avr/bin/../lib/gcc/avr/4.3.2/../../../../avr/lib/avr6\libc.a(vsnprintf.o) (vfprintf)
c:/arduino/hardware/tools/avr/bin/../lib/gcc/avr/4.3.2/../../../../avr/lib/avr6\libc.a(strnlen_P.o)
                              c:/arduino/hardware/tools/avr/bin/../lib/gcc/avr/4.3.2/../../../../avr/lib/avr6\libc.a(vfprintf_std.o) (strnlen_P)
c:/arduino/hardware/tools/avr/bin/../lib/gcc/avr/4.3.2/../../../../avr/lib/avr6\libc.a(strnlen.o)
                              c:/arduino/hardware/tools/avr/bin/../lib/gcc/avr/4.3.2/../../../../avr/lib/avr6\libc.a(vfprintf_std.o) (strnlen)
c:/arduino/hardware/tools/avr/bin/../lib/gcc/avr/4.3.2/../../../../avr/lib/avr6\libc.a(fputc.o)
                              c:/arduino/hardware/tools/avr/bin/../lib/gcc/avr/4.3.2/../../../../avr/lib/avr6\libc.a(vfprintf_std.o) (fputc)
c:/arduino/hardware/tools/avr/bin/../lib/gcc/avr/4.3.2/../../../../avr/lib/avr6\libc.a(ultoa_invert.o)
                              c:/arduino/hardware/tools/avr/bin/../lib/gcc/avr/4.3.2/../../../../avr/lib/avr6\libc.a(vfprintf_std.o) (__ultoa_invert)

Allocating common symbols
Common symbol       size              file

xSerialPort         0x20              C:/workspaceMars/FreeRTOS801/Release/libFreeRTOS801.a(serial.o)
xSerial1Port        0x20              C:/workspaceMars/FreeRTOS801/Release/libFreeRTOS801.a(serial.o)
__system_time       0x4               C:/workspaceMars/FreeRTOS801/Release/libFreeRTOS801.a(system_time.o)

Memory Configuration

Name             Origin             Length             Attributes
text             0x00000000         0x00100000         xr
data             0x00800200         0x0000fe00         rw !x
eeprom           0x00810000         0x00010000         rw !x
fuse             0x00820000         0x00000400         rw !x
lock             0x00830000         0x00000400         rw !x
signature        0x00840000         0x00000400         rw !x
*default*        0x00000000         0xffffffff

Linker script and memory map

Address of section .data set to 0x800200
LOAD c:/arduino/hardware/tools/avr/bin/../lib/gcc/avr/4.3.2/../../../../avr/lib/avr6/crtm2560.o
LOAD ./main.o
LOAD C:/workspaceMars/FreeRTOS801/Release/libFreeRTOS801.a
LOAD c:/arduino/hardware/tools/avr/bin/../lib/gcc/avr/4.3.2/../../../../avr/lib/avr6\libm.a
LOAD C:\workspaceMars\FreeRTOS801\Release\libFreeRTOS801.a
LOAD c:/arduino/hardware/tools/avr/bin/../lib/gcc/avr/4.3.2/avr6\libgcc.a
LOAD c:/arduino/hardware/tools/avr/bin/../lib/gcc/avr/4.3.2/../../../../avr/lib/avr6\libc.a
LOAD c:/arduino/hardware/tools/avr/bin/../lib/gcc/avr/4.3.2/avr6\libgcc.a

.hash
 *(.hash)

.dynsym
 *(.dynsym)

.dynstr
 *(.dynstr)

.gnu.version
 *(.gnu.version)

.gnu.version_d
 *(.gnu.version_d)

.gnu.version_r
 *(.gnu.version_r)

.rel.init
 *(.rel.init)

.rela.init
 *(.rela.init)

.rel.text
 *(.rel.text)
 *(.rel.text.*)
 *(.rel.gnu.linkonce.t*)

.rela.text
 *(.rela.text)
 *(.rela.text.*)
 *(.rela.gnu.linkonce.t*)

.rel.fini
 *(.rel.fini)

.rela.fini
 *(.rela.fini)

.rel.rodata
 *(.rel.rodata)
 *(.rel.rodata.*)
 *(.rel.gnu.linkonce.r*)

.rela.rodata
 *(.rela.rodata)
 *(.rela.rodata.*)
 *(.rela.gnu.linkonce.r*)

.rel.data
 *(.rel.data)
 *(.rel.data.*)
 *(.rel.gnu.linkonce.d*)

.rela.data
 *(.rela.data)
 *(.rela.data.*)
 *(.rela.gnu.linkonce.d*)

.rel.ctors
 *(.rel.ctors)

.rela.ctors
 *(.rela.ctors)

.rel.dtors
 *(.rel.dtors)

.rela.dtors
 *(.rela.dtors)

.rel.got
 *(.rel.got)

.rela.got
 *(.rela.got)

.rel.bss
 *(.rel.bss)

.rela.bss
 *(.rela.bss)

.rel.plt
 *(.rel.plt)

.rela.plt
 *(.rela.plt)

.text           0x00000000     0x3830
 *(.vectors)
 .vectors       0x00000000       0xe4 c:/arduino/hardware/tools/avr/bin/../lib/gcc/avr/4.3.2/../../../../avr/lib/avr6/crtm2560.o
                0x00000000                __vectors
                0x00000000                __vector_default
 *(.vectors)
 *(.progmem.gcc*)
 *(.progmem*)
 .progmem.data  0x000000e4       0x54 ./main.o
                0x00000138                . = ALIGN (0x2)
                0x00000138                __trampolines_start = .
 *(.trampolines)
 .trampolines   0x00000138        0x0 linker stubs
 *(.trampolines*)
                0x00000138                __trampolines_end = .
 *(.jumptables)
 *(.jumptables*)
 *(.lowtext)
 .lowtext       0x00000138       0x10 C:/workspaceMars/FreeRTOS801/Release/libFreeRTOS801.a(tasks.o)
 *(.lowtext*)
                0x00000148                __ctors_start = .
 *(.ctors)
                0x00000148                __ctors_end = .
                0x00000148                __dtors_start = .
 *(.dtors)
                0x00000148                __dtors_end = .
 SORT(*)(.ctors)
 SORT(*)(.dtors)
 *(.init0)
 .init0         0x00000148        0x0 c:/arduino/hardware/tools/avr/bin/../lib/gcc/avr/4.3.2/../../../../avr/lib/avr6/crtm2560.o
                0x00000148                __init
 *(.init0)
 *(.init1)
 *(.init1)
 *(.init2)
 .init2         0x00000148       0x10 c:/arduino/hardware/tools/avr/bin/../lib/gcc/avr/4.3.2/../../../../avr/lib/avr6/crtm2560.o
 *(.init2)
 *(.init3)
 *(.init3)
 *(.init4)
 .init4         0x00000158       0x1c c:/arduino/hardware/tools/avr/bin/../lib/gcc/avr/4.3.2/../../../../avr/lib/avr6/crtm2560.o
                0x00000158                __do_copy_data
 .init4         0x00000174       0x10 c:/arduino/hardware/tools/avr/bin/../lib/gcc/avr/4.3.2/avr6\libgcc.a(_clear_bss.o)
                0x00000174                __do_clear_bss
 *(.init4)
 *(.init5)
 *(.init5)
 *(.init6)
 *(.init6)
 *(.init7)
 *(.init7)
 *(.init8)
 *(.init8)
 *(.init9)
 .init9         0x00000184        0x8 c:/arduino/hardware/tools/avr/bin/../lib/gcc/avr/4.3.2/../../../../avr/lib/avr6/crtm2560.o
 *(.init9)
 *(.text)
 .text          0x0000018c        0x4 c:/arduino/hardware/tools/avr/bin/../lib/gcc/avr/4.3.2/../../../../avr/lib/avr6/crtm2560.o
                0x0000018c                __vector_38
                0x0000018c                __vector_22
                0x0000018c                __vector_28
                0x0000018c                __vector_1
                0x0000018c                __vector_34
                0x0000018c                __vector_24
                0x0000018c                __vector_12
                0x0000018c                __vector_55
                0x0000018c                __vector_46
                0x0000018c                __bad_interrupt
                0x0000018c                __vector_6
                0x0000018c                __vector_31
                0x0000018c                __vector_35
                0x0000018c                __vector_39
                0x0000018c                __vector_3
                0x0000018c                __vector_23
                0x0000018c                __vector_30
                0x0000018c                __vector_45
                0x0000018c                __vector_11
                0x0000018c                __vector_54
                0x0000018c                __vector_13
                0x0000018c                __vector_17
                0x0000018c                __vector_19
                0x0000018c                __vector_56
                0x0000018c                __vector_7
                0x0000018c                __vector_49
                0x0000018c                __vector_41
                0x0000018c                __vector_43
                0x0000018c                __vector_27
                0x0000018c                __vector_5
                0x0000018c                __vector_33
                0x0000018c                __vector_47
                0x0000018c                __vector_52
                0x0000018c                __vector_4
                0x0000018c                __vector_44
                0x0000018c                __vector_51
                0x0000018c                __vector_9
                0x0000018c                __vector_2
                0x0000018c                __vector_21
                0x0000018c                __vector_15
                0x0000018c                __vector_29
                0x0000018c                __vector_40
                0x0000018c                __vector_8
                0x0000018c                __vector_48
                0x0000018c                __vector_14
                0x0000018c                __vector_53
                0x0000018c                __vector_10
                0x0000018c                __vector_50
                0x0000018c                __vector_16
                0x0000018c                __vector_18
                0x0000018c                __vector_20
                0x0000018c                __vector_42
 .text          0x00000190        0x0 ./main.o
 .text          0x00000190        0x0 C:/workspaceMars/FreeRTOS801/Release/libFreeRTOS801.a(serial.o)
 .text          0x00000190        0x0 C:/workspaceMars/FreeRTOS801/Release/libFreeRTOS801.a(heap_4.o)
 .text          0x00000190        0x0 C:/workspaceMars/FreeRTOS801/Release/libFreeRTOS801.a(tasks.o)
 .text          0x00000190        0x0 C:/workspaceMars/FreeRTOS801/Release/libFreeRTOS801.a(port.o)
 .text          0x00000190       0x38 C:/workspaceMars/FreeRTOS801/Release/libFreeRTOS801.a(system_tick.o)
                0x00000190                system_tick
 .text          0x000001c8        0x0 C:/workspaceMars/FreeRTOS801/Release/libFreeRTOS801.a(system_time.o)
 .text          0x000001c8        0x0 C:/workspaceMars/FreeRTOS801/Release/libFreeRTOS801.a(list.o)
 .text          0x000001c8        0x0 c:/arduino/hardware/tools/avr/bin/../lib/gcc/avr/4.3.2/avr6\libgcc.a(_udivmodsi4.o)
 .text          0x000001c8        0x0 c:/arduino/hardware/tools/avr/bin/../lib/gcc/avr/4.3.2/avr6\libgcc.a(_prologue.o)
 .text          0x000001c8        0x0 c:/arduino/hardware/tools/avr/bin/../lib/gcc/avr/4.3.2/avr6\libgcc.a(_epilogue.o)
 .text          0x000001c8        0x0 c:/arduino/hardware/tools/avr/bin/../lib/gcc/avr/4.3.2/avr6\libgcc.a(_exit.o)
 .text          0x000001c8        0x0 c:/arduino/hardware/tools/avr/bin/../lib/gcc/avr/4.3.2/avr6\libgcc.a(_clear_bss.o)
 .text          0x000001c8       0x12 c:/arduino/hardware/tools/avr/bin/../lib/gcc/avr/4.3.2/../../../../avr/lib/avr6\libc.a(strlen_P.o)
                0x000001c8                strlen_P
 .text          0x000001da        0xe c:/arduino/hardware/tools/avr/bin/../lib/gcc/avr/4.3.2/../../../../avr/lib/avr6\libc.a(memset.o)
                0x000001da                memset
 .text          0x000001e8       0x54 c:/arduino/hardware/tools/avr/bin/../lib/gcc/avr/4.3.2/../../../../avr/lib/avr6\libc.a(vsnprintf.o)
                0x000001e8                vsnprintf
 .text          0x0000023c       0x54 c:/arduino/hardware/tools/avr/bin/../lib/gcc/avr/4.3.2/../../../../avr/lib/avr6\libc.a(vsnprintf_p.o)
                0x0000023c                vsnprintf_P
 .text          0x00000290      0x3ba c:/arduino/hardware/tools/avr/bin/../lib/gcc/avr/4.3.2/../../../../avr/lib/avr6\libc.a(vfprintf_std.o)
                0x00000290                vfprintf
 .text          0x0000064a       0x16 c:/arduino/hardware/tools/avr/bin/../lib/gcc/avr/4.3.2/../../../../avr/lib/avr6\libc.a(strnlen_P.o)
                0x0000064a                strnlen_P
 .text          0x00000660       0x16 c:/arduino/hardware/tools/avr/bin/../lib/gcc/avr/4.3.2/../../../../avr/lib/avr6\libc.a(strnlen.o)
                0x00000660                strnlen
 .text          0x00000676       0x58 c:/arduino/hardware/tools/avr/bin/../lib/gcc/avr/4.3.2/../../../../avr/lib/avr6\libc.a(fputc.o)
                0x00000676                fputc
 .text          0x000006ce       0xbc c:/arduino/hardware/tools/avr/bin/../lib/gcc/avr/4.3.2/../../../../avr/lib/avr6\libc.a(ultoa_invert.o)
                0x000006ce                __ultoa_invert
                0x0000078a                . = ALIGN (0x2)
 *(.text.*)
 .text.vApplicationStackOverflowHook
                0x0000078a        0x6 ./main.o
                0x0000078a                vApplicationStackOverflowHook
 .text.main     0x00000790       0xd2 ./main.o
                0x00000790                main
 .text.TaskBlinkGreenLED
                0x00000862       0x44 ./main.o
 .text.TaskBlinkBlueLED
                0x000008a6       0x44 ./main.o
 .text.TaskBlinkRedLED
                0x000008ea       0x4a ./main.o
 .text.xSerialFlush
                0x00000934       0x4e C:/workspaceMars/FreeRTOS801/Release/libFreeRTOS801.a(serial.o)
                0x00000934                xSerialFlush
 .text.xSerialAvailableChar
                0x00000982       0x14 C:/workspaceMars/FreeRTOS801/Release/libFreeRTOS801.a(serial.o)
                0x00000982                xSerialAvailableChar
 .text.xSerialGetChar
                0x00000996       0x62 C:/workspaceMars/FreeRTOS801/Release/libFreeRTOS801.a(serial.o)
                0x00000996                xSerialGetChar
 .text.xSerialPutChar
                0x000009f8       0xd0 C:/workspaceMars/FreeRTOS801/Release/libFreeRTOS801.a(serial.o)
                0x000009f8                xSerialPutChar
 .text.avrSerialWrite
                0x00000ac8       0x20 C:/workspaceMars/FreeRTOS801/Release/libFreeRTOS801.a(serial.o)
                0x00000ac8                avrSerialWrite
 .text.avrSerialRead
                0x00000ae8       0x2a C:/workspaceMars/FreeRTOS801/Release/libFreeRTOS801.a(serial.o)
                0x00000ae8                avrSerialRead
 .text.avrSerialCheckRxComplete
                0x00000b12        0x8 C:/workspaceMars/FreeRTOS801/Release/libFreeRTOS801.a(serial.o)
                0x00000b12                avrSerialCheckRxComplete
 .text.avrSerialCheckTxReady
                0x00000b1a        0x8 C:/workspaceMars/FreeRTOS801/Release/libFreeRTOS801.a(serial.o)
                0x00000b1a                avrSerialCheckTxReady
 .text.avrSerialxWrite
                0x00000b22       0x42 C:/workspaceMars/FreeRTOS801/Release/libFreeRTOS801.a(serial.o)
                0x00000b22                avrSerialxWrite
 .text.avrSerialxRead
                0x00000b64       0x54 C:/workspaceMars/FreeRTOS801/Release/libFreeRTOS801.a(serial.o)
                0x00000b64                avrSerialxRead
 .text.avrSerialxCheckRxComplete
                0x00000bb8       0x24 C:/workspaceMars/FreeRTOS801/Release/libFreeRTOS801.a(serial.o)
                0x00000bb8                avrSerialxCheckRxComplete
 .text.avrSerialxCheckTxReady
                0x00000bdc       0x24 C:/workspaceMars/FreeRTOS801/Release/libFreeRTOS801.a(serial.o)
                0x00000bdc                avrSerialxCheckTxReady
 .text.__vector_25
                0x00000c00       0xa8 C:/workspaceMars/FreeRTOS801/Release/libFreeRTOS801.a(serial.o)
                0x00000c00                __vector_25
 .text.__vector_26
                0x00000ca8       0x94 C:/workspaceMars/FreeRTOS801/Release/libFreeRTOS801.a(serial.o)
                0x00000ca8                __vector_26
 .text.__vector_36
                0x00000d3c       0xa8 C:/workspaceMars/FreeRTOS801/Release/libFreeRTOS801.a(serial.o)
                0x00000d3c                __vector_36
 .text.__vector_37
                0x00000de4       0x94 C:/workspaceMars/FreeRTOS801/Release/libFreeRTOS801.a(serial.o)
                0x00000de4                __vector_37
 .text.avrSerialxPrint_P
                0x00000e78       0x76 C:/workspaceMars/FreeRTOS801/Release/libFreeRTOS801.a(serial.o)
                0x00000e78                avrSerialxPrint_P
 .text.avrSerialPrint_P
                0x00000eee       0x48 C:/workspaceMars/FreeRTOS801/Release/libFreeRTOS801.a(serial.o)
                0x00000eee                avrSerialPrint_P
 .text.xSerialxPrint_P
                0x00000f36      0x106 C:/workspaceMars/FreeRTOS801/Release/libFreeRTOS801.a(serial.o)
                0x00000f36                xSerialxPrint_P
 .text.xSerialPrint_P
                0x0000103c      0x108 C:/workspaceMars/FreeRTOS801/Release/libFreeRTOS801.a(serial.o)
                0x0000103c                xSerialPrint_P
 .text.avrSerialxPrint
                0x00001144       0x6e C:/workspaceMars/FreeRTOS801/Release/libFreeRTOS801.a(serial.o)
                0x00001144                avrSerialxPrint
 .text.avrSerialPrint
                0x000011b2       0x46 C:/workspaceMars/FreeRTOS801/Release/libFreeRTOS801.a(serial.o)
                0x000011b2                avrSerialPrint
 .text.xSerialxPrint
                0x000011f8      0x10a C:/workspaceMars/FreeRTOS801/Release/libFreeRTOS801.a(serial.o)
                0x000011f8                xSerialxPrint
 .text.xSerialPrint
                0x00001302      0x104 C:/workspaceMars/FreeRTOS801/Release/libFreeRTOS801.a(serial.o)
                0x00001302                xSerialPrint
 .text.avrSerialxPrintf_P
                0x00001406       0x78 C:/workspaceMars/FreeRTOS801/Release/libFreeRTOS801.a(serial.o)
                0x00001406                avrSerialxPrintf_P
 .text.avrSerialPrintf_P
                0x0000147e       0x6e C:/workspaceMars/FreeRTOS801/Release/libFreeRTOS801.a(serial.o)
                0x0000147e                avrSerialPrintf_P
 .text.avrSerialxPrintf
                0x000014ec       0x78 C:/workspaceMars/FreeRTOS801/Release/libFreeRTOS801.a(serial.o)
                0x000014ec                avrSerialxPrintf
 .text.avrSerialPrintf
                0x00001564       0x6e C:/workspaceMars/FreeRTOS801/Release/libFreeRTOS801.a(serial.o)
                0x00001564                avrSerialPrintf
 .text.vSerialClose
                0x000015d2       0x74 C:/workspaceMars/FreeRTOS801/Release/libFreeRTOS801.a(serial.o)
                0x000015d2                vSerialClose
 .text.xSerialPortInitMinimal
                0x00001646      0x18a C:/workspaceMars/FreeRTOS801/Release/libFreeRTOS801.a(serial.o)
                0x00001646                xSerialPortInitMinimal
 .text.xSerialxPrintf_P
                0x000017d0       0x68 C:/workspaceMars/FreeRTOS801/Release/libFreeRTOS801.a(serial.o)
                0x000017d0                xSerialxPrintf_P
 .text.xSerialxPrintf
                0x00001838       0x68 C:/workspaceMars/FreeRTOS801/Release/libFreeRTOS801.a(serial.o)
                0x00001838                xSerialxPrintf
 .text.xSerialPrintf_P
                0x000018a0       0x76 C:/workspaceMars/FreeRTOS801/Release/libFreeRTOS801.a(serial.o)
                0x000018a0                xSerialPrintf_P
 .text.xSerialPrintf
                0x00001916       0x76 C:/workspaceMars/FreeRTOS801/Release/libFreeRTOS801.a(serial.o)
                0x00001916                xSerialPrintf
 .text.hot      0x0000198c      0x2f8 C:/workspaceMars/FreeRTOS801/Release/libFreeRTOS801.a(heap_4.o)
                0x0000198c                xPortGetFreeHeapSize
                0x000019a2                vPortFree
                0x00001a88                pvPortMalloc
                0x000019a0                vPortInitialiseBlocks
                0x00001996                xPortGetMinimumEverFreeHeapSize
 .text.hot      0x00001c84     0x16ec C:/workspaceMars/FreeRTOS801/Release/libFreeRTOS801.a(tasks.o)
                0x00002238                vTaskPlaceOnUnorderedEventList
                0x00002fb6                vTaskEndScheduler
                0x00002316                vTaskPlaceOnEventList
                0x00002fc2                xTaskGenericCreate
                0x00001d54                uxTaskGetStackHighWaterMark
                0x0000218a                xTaskResumeFromISR
                0x00001c90                xTaskGetTickCount
                0x00001f42                xTaskRemoveFromEventList
                0x00001cce                xTaskCheckForTimeOut
                0x00001c84                vTaskSuspendAll
                0x00001ca6                xTaskGetTickCountFromISR
                0x00001dce                vTaskPriorityDisinherit
                0x00001e32                vTaskPriorityInherit
                0x00002730                vTaskResume
                0x000023e6                vTaskSwitchContext
                0x000027bc                vTaskSuspend
                0x00001cb2                uxTaskGetNumberOfTasks
                0x00002c76                vTaskDelayUntil
                0x00001d92                xTaskGetCurrentTaskHandle
                0x00001ed2                xTaskRemoveFromUnorderedEventList
                0x000024b6                xTaskResumeAll
                0x000031ba                vTaskStartScheduler
                0x00001d4c                vTaskMissedYield
                0x00001fd4                xTaskIncrementTick
                0x00002966                vTaskDelay
                0x00001cb8                vTaskSetTimeOutState
                0x00001d9e                uxTaskResetEventItemValue
 .text.hot      0x00003370      0x12a C:/workspaceMars/FreeRTOS801/Release/libFreeRTOS801.a(port.o)
                0x00003406                xPortStartScheduler
                0x00003498                vPortEndScheduler
                0x00003370                pxPortInitialiseStack
 .text.vPortYieldFromTick
                0x0000349a       0xf8 C:/workspaceMars/FreeRTOS801/Release/libFreeRTOS801.a(port.o)
                0x0000349a                vPortYieldFromTick
 .text.__vector_32
                0x00003592        0x6 C:/workspaceMars/FreeRTOS801/Release/libFreeRTOS801.a(port.o)
                0x00003592                __vector_32
 .text.vPortYield
                0x00003598       0xc2 C:/workspaceMars/FreeRTOS801/Release/libFreeRTOS801.a(port.o)
                0x00003598                vPortYield
 .text.vListInitialise
                0x0000365a       0x20 C:/workspaceMars/FreeRTOS801/Release/libFreeRTOS801.a(list.o)
                0x0000365a                vListInitialise
 .text.vListInitialiseItem
                0x0000367a        0x8 C:/workspaceMars/FreeRTOS801/Release/libFreeRTOS801.a(list.o)
                0x0000367a                vListInitialiseItem
 .text.vListInsertEnd
                0x00003682       0x3e C:/workspaceMars/FreeRTOS801/Release/libFreeRTOS801.a(list.o)
                0x00003682                vListInsertEnd
 .text.vListInsert
                0x000036c0       0x64 C:/workspaceMars/FreeRTOS801/Release/libFreeRTOS801.a(list.o)
                0x000036c0                vListInsert
 .text.uxListRemove
                0x00003724       0x56 C:/workspaceMars/FreeRTOS801/Release/libFreeRTOS801.a(list.o)
                0x00003724                uxListRemove
 .text.libgcc   0x0000377a       0x44 c:/arduino/hardware/tools/avr/bin/../lib/gcc/avr/4.3.2/avr6\libgcc.a(_udivmodsi4.o)
                0x0000377a                __udivmodsi4
 .text.libgcc   0x000037be       0x38 c:/arduino/hardware/tools/avr/bin/../lib/gcc/avr/4.3.2/avr6\libgcc.a(_prologue.o)
                0x000037be                __prologue_saves__
 .text.libgcc   0x000037f6       0x36 c:/arduino/hardware/tools/avr/bin/../lib/gcc/avr/4.3.2/avr6\libgcc.a(_epilogue.o)
                0x000037f6                __epilogue_restores__
 .text.libgcc   0x0000382c        0x0 c:/arduino/hardware/tools/avr/bin/../lib/gcc/avr/4.3.2/avr6\libgcc.a(_exit.o)
 .text.libgcc   0x0000382c        0x0 c:/arduino/hardware/tools/avr/bin/../lib/gcc/avr/4.3.2/avr6\libgcc.a(_clear_bss.o)
                0x0000382c                . = ALIGN (0x2)
 *(.fini9)
 .fini9         0x0000382c        0x0 c:/arduino/hardware/tools/avr/bin/../lib/gcc/avr/4.3.2/avr6\libgcc.a(_exit.o)
                0x0000382c                exit
                0x0000382c                _exit
 *(.fini9)
 *(.fini8)
 *(.fini8)
 *(.fini7)
 *(.fini7)
 *(.fini6)
 *(.fini6)
 *(.fini5)
 *(.fini5)
 *(.fini4)
 *(.fini4)
 *(.fini3)
 *(.fini3)
 *(.fini2)
 *(.fini2)
 *(.fini1)
 *(.fini1)
 *(.fini0)
 .fini0         0x0000382c        0x4 c:/arduino/hardware/tools/avr/bin/../lib/gcc/avr/4.3.2/avr6\libgcc.a(_exit.o)
 *(.fini0)
                0x00003830                _etext = .

.data           0x00800200       0x24 load address 0x00003830
                0x00800200                PROVIDE (__data_start, .)
 *(.data)
 .data          0x00800200        0x0 c:/arduino/hardware/tools/avr/bin/../lib/gcc/avr/4.3.2/../../../../avr/lib/avr6/crtm2560.o
 .data          0x00800200       0x18 ./main.o
 .data          0x00800218        0x0 C:/workspaceMars/FreeRTOS801/Release/libFreeRTOS801.a(serial.o)
 .data          0x00800218        0x0 C:/workspaceMars/FreeRTOS801/Release/libFreeRTOS801.a(heap_4.o)
 .data          0x00800218        0x5 C:/workspaceMars/FreeRTOS801/Release/libFreeRTOS801.a(tasks.o)
 .data          0x0080021d        0x0 C:/workspaceMars/FreeRTOS801/Release/libFreeRTOS801.a(port.o)
 .data          0x0080021d        0x0 C:/workspaceMars/FreeRTOS801/Release/libFreeRTOS801.a(system_tick.o)
 .data          0x0080021d        0x0 C:/workspaceMars/FreeRTOS801/Release/libFreeRTOS801.a(system_time.o)
 .data          0x0080021d        0x0 C:/workspaceMars/FreeRTOS801/Release/libFreeRTOS801.a(list.o)
 .data          0x0080021d        0x0 c:/arduino/hardware/tools/avr/bin/../lib/gcc/avr/4.3.2/avr6\libgcc.a(_udivmodsi4.o)
 .data          0x0080021d        0x0 c:/arduino/hardware/tools/avr/bin/../lib/gcc/avr/4.3.2/avr6\libgcc.a(_prologue.o)
 .data          0x0080021d        0x0 c:/arduino/hardware/tools/avr/bin/../lib/gcc/avr/4.3.2/avr6\libgcc.a(_epilogue.o)
 .data          0x0080021d        0x0 c:/arduino/hardware/tools/avr/bin/../lib/gcc/avr/4.3.2/avr6\libgcc.a(_exit.o)
 .data          0x0080021d        0x0 c:/arduino/hardware/tools/avr/bin/../lib/gcc/avr/4.3.2/avr6\libgcc.a(_clear_bss.o)
 .data          0x0080021d        0x0 c:/arduino/hardware/tools/avr/bin/../lib/gcc/avr/4.3.2/../../../../avr/lib/avr6\libc.a(strlen_P.o)
 .data          0x0080021d        0x0 c:/arduino/hardware/tools/avr/bin/../lib/gcc/avr/4.3.2/../../../../avr/lib/avr6\libc.a(memset.o)
 .data          0x0080021d        0x0 c:/arduino/hardware/tools/avr/bin/../lib/gcc/avr/4.3.2/../../../../avr/lib/avr6\libc.a(vsnprintf.o)
 .data          0x0080021d        0x0 c:/arduino/hardware/tools/avr/bin/../lib/gcc/avr/4.3.2/../../../../avr/lib/avr6\libc.a(vsnprintf_p.o)
 .data          0x0080021d        0x0 c:/arduino/hardware/tools/avr/bin/../lib/gcc/avr/4.3.2/../../../../avr/lib/avr6\libc.a(vfprintf_std.o)
 .data          0x0080021d        0x0 c:/arduino/hardware/tools/avr/bin/../lib/gcc/avr/4.3.2/../../../../avr/lib/avr6\libc.a(strnlen_P.o)
 .data          0x0080021d        0x0 c:/arduino/hardware/tools/avr/bin/../lib/gcc/avr/4.3.2/../../../../avr/lib/avr6\libc.a(strnlen.o)
 .data          0x0080021d        0x0 c:/arduino/hardware/tools/avr/bin/../lib/gcc/avr/4.3.2/../../../../avr/lib/avr6\libc.a(fputc.o)
 .data          0x0080021d        0x0 c:/arduino/hardware/tools/avr/bin/../lib/gcc/avr/4.3.2/../../../../avr/lib/avr6\libc.a(ultoa_invert.o)
 *(.data*)
 .data.xMinimumEverFreeBytesRemaining
                0x0080021d        0x2 C:/workspaceMars/FreeRTOS801/Release/libFreeRTOS801.a(heap_4.o)
 .data.xFreeBytesRemaining
                0x0080021f        0x2 C:/workspaceMars/FreeRTOS801/Release/libFreeRTOS801.a(heap_4.o)
 .data.xNextTaskUnblockTime
                0x00800221        0x2 C:/workspaceMars/FreeRTOS801/Release/libFreeRTOS801.a(tasks.o)
 *(.rodata)
 *(.rodata*)
 *(.gnu.linkonce.d*)
                0x00800224                . = ALIGN (0x2)
 *fill*         0x00800223        0x1 00
                0x00800224                _edata = .
                0x00800224                PROVIDE (__data_end, .)

.bss            0x00800224     0x12a8
                0x00800224                PROVIDE (__bss_start, .)
 *(.bss)
 .bss           0x00800224        0x0 c:/arduino/hardware/tools/avr/bin/../lib/gcc/avr/4.3.2/../../../../avr/lib/avr6/crtm2560.o
 .bss           0x00800224        0x0 ./main.o
 .bss           0x00800224        0x0 C:/workspaceMars/FreeRTOS801/Release/libFreeRTOS801.a(serial.o)
 .bss           0x00800224        0x0 C:/workspaceMars/FreeRTOS801/Release/libFreeRTOS801.a(heap_4.o)
 .bss           0x00800224        0x0 C:/workspaceMars/FreeRTOS801/Release/libFreeRTOS801.a(tasks.o)
 .bss           0x00800224        0x0 C:/workspaceMars/FreeRTOS801/Release/libFreeRTOS801.a(port.o)
 .bss           0x00800224        0x0 C:/workspaceMars/FreeRTOS801/Release/libFreeRTOS801.a(system_tick.o)
 .bss           0x00800224        0x0 C:/workspaceMars/FreeRTOS801/Release/libFreeRTOS801.a(system_time.o)
 .bss           0x00800224        0x0 C:/workspaceMars/FreeRTOS801/Release/libFreeRTOS801.a(list.o)
 .bss           0x00800224        0x0 c:/arduino/hardware/tools/avr/bin/../lib/gcc/avr/4.3.2/avr6\libgcc.a(_udivmodsi4.o)
 .bss           0x00800224        0x0 c:/arduino/hardware/tools/avr/bin/../lib/gcc/avr/4.3.2/avr6\libgcc.a(_prologue.o)
 .bss           0x00800224        0x0 c:/arduino/hardware/tools/avr/bin/../lib/gcc/avr/4.3.2/avr6\libgcc.a(_epilogue.o)
 .bss           0x00800224        0x0 c:/arduino/hardware/tools/avr/bin/../lib/gcc/avr/4.3.2/avr6\libgcc.a(_exit.o)
 .bss           0x00800224        0x0 c:/arduino/hardware/tools/avr/bin/../lib/gcc/avr/4.3.2/avr6\libgcc.a(_clear_bss.o)
 .bss           0x00800224        0x0 c:/arduino/hardware/tools/avr/bin/../lib/gcc/avr/4.3.2/../../../../avr/lib/avr6\libc.a(strlen_P.o)
 .bss           0x00800224        0x0 c:/arduino/hardware/tools/avr/bin/../lib/gcc/avr/4.3.2/../../../../avr/lib/avr6\libc.a(memset.o)
 .bss           0x00800224        0x0 c:/arduino/hardware/tools/avr/bin/../lib/gcc/avr/4.3.2/../../../../avr/lib/avr6\libc.a(vsnprintf.o)
 .bss           0x00800224        0x0 c:/arduino/hardware/tools/avr/bin/../lib/gcc/avr/4.3.2/../../../../avr/lib/avr6\libc.a(vsnprintf_p.o)
 .bss           0x00800224        0x0 c:/arduino/hardware/tools/avr/bin/../lib/gcc/avr/4.3.2/../../../../avr/lib/avr6\libc.a(vfprintf_std.o)
 .bss           0x00800224        0x0 c:/arduino/hardware/tools/avr/bin/../lib/gcc/avr/4.3.2/../../../../avr/lib/avr6\libc.a(strnlen_P.o)
 .bss           0x00800224        0x0 c:/arduino/hardware/tools/avr/bin/../lib/gcc/avr/4.3.2/../../../../avr/lib/avr6\libc.a(strnlen.o)
 .bss           0x00800224        0x0 c:/arduino/hardware/tools/avr/bin/../lib/gcc/avr/4.3.2/../../../../avr/lib/avr6\libc.a(fputc.o)
 .bss           0x00800224        0x0 c:/arduino/hardware/tools/avr/bin/../lib/gcc/avr/4.3.2/../../../../avr/lib/avr6\libc.a(ultoa_invert.o)
 *(.bss*)
 .bss.xBlockAllocatedBit
                0x00800224        0x2 C:/workspaceMars/FreeRTOS801/Release/libFreeRTOS801.a(heap_4.o)
 .bss.pxEnd     0x00800226        0x2 C:/workspaceMars/FreeRTOS801/Release/libFreeRTOS801.a(heap_4.o)
 .bss.ucHeap    0x00800228     0x1200 C:/workspaceMars/FreeRTOS801/Release/libFreeRTOS801.a(heap_4.o)
 .bss.xStart    0x00801428        0x4 C:/workspaceMars/FreeRTOS801/Release/libFreeRTOS801.a(heap_4.o)
 .bss.pxCurrentTCB
                0x0080142c        0x2 C:/workspaceMars/FreeRTOS801/Release/libFreeRTOS801.a(tasks.o)
                0x0080142c                pxCurrentTCB
 .bss.uxTopReadyPriority
                0x0080142e        0x1 C:/workspaceMars/FreeRTOS801/Release/libFreeRTOS801.a(tasks.o)
 .bss.xYieldPending
                0x0080142f        0x1 C:/workspaceMars/FreeRTOS801/Release/libFreeRTOS801.a(tasks.o)
 .bss.xTickCount
                0x00801430        0x2 C:/workspaceMars/FreeRTOS801/Release/libFreeRTOS801.a(tasks.o)
 .bss.xNumOfOverflows
                0x00801432        0x1 C:/workspaceMars/FreeRTOS801/Release/libFreeRTOS801.a(tasks.o)
 .bss.uxSchedulerSuspended
                0x00801433        0x1 C:/workspaceMars/FreeRTOS801/Release/libFreeRTOS801.a(tasks.o)
 .bss.uxPendedTicks
                0x00801434        0x1 C:/workspaceMars/FreeRTOS801/Release/libFreeRTOS801.a(tasks.o)
 .bss.uxCurrentNumberOfTasks
                0x00801435        0x1 C:/workspaceMars/FreeRTOS801/Release/libFreeRTOS801.a(tasks.o)
 .bss.xSchedulerRunning
                0x00801436        0x1 C:/workspaceMars/FreeRTOS801/Release/libFreeRTOS801.a(tasks.o)
 .bss.uxTaskNumber
                0x00801437        0x1 C:/workspaceMars/FreeRTOS801/Release/libFreeRTOS801.a(tasks.o)
 .bss.pxReadyTasksLists
                0x00801438       0x24 C:/workspaceMars/FreeRTOS801/Release/libFreeRTOS801.a(tasks.o)
 .bss.xDelayedTaskList1
                0x0080145c        0x9 C:/workspaceMars/FreeRTOS801/Release/libFreeRTOS801.a(tasks.o)
 .bss.xDelayedTaskList2
                0x00801465        0x9 C:/workspaceMars/FreeRTOS801/Release/libFreeRTOS801.a(tasks.o)
 .bss.pxDelayedTaskList
                0x0080146e        0x2 C:/workspaceMars/FreeRTOS801/Release/libFreeRTOS801.a(tasks.o)
 .bss.pxOverflowDelayedTaskList
                0x00801470        0x2 C:/workspaceMars/FreeRTOS801/Release/libFreeRTOS801.a(tasks.o)
 .bss.xPendingReadyList
                0x00801472        0x9 C:/workspaceMars/FreeRTOS801/Release/libFreeRTOS801.a(tasks.o)
 .bss.xSuspendedTaskList
                0x0080147b        0x9 C:/workspaceMars/FreeRTOS801/Release/libFreeRTOS801.a(tasks.o)
 .bss.portTickRateHz
                0x00801484        0x2 C:/workspaceMars/FreeRTOS801/Release/libFreeRTOS801.a(port.o)
 .bss.ticksRemainingInSec
                0x00801486        0x2 C:/workspaceMars/FreeRTOS801/Release/libFreeRTOS801.a(port.o)
 *(COMMON)
 COMMON         0x00801488       0x40 C:/workspaceMars/FreeRTOS801/Release/libFreeRTOS801.a(serial.o)
                0x00801488                xSerialPort
                0x008014a8                xSerial1Port
 COMMON         0x008014c8        0x4 C:/workspaceMars/FreeRTOS801/Release/libFreeRTOS801.a(system_time.o)
                0x008014c8                __system_time
                0x008014cc                PROVIDE (__bss_end, .)
                0x00003830                __data_load_start = LOADADDR (.data)
                0x00003854                __data_load_end = (__data_load_start + SIZEOF (.data))

.noinit         0x008014cc        0x0
                0x008014cc                PROVIDE (__noinit_start, .)
 *(.noinit*)
                0x008014cc                PROVIDE (__noinit_end, .)
                0x008014cc                _end = .
                0x008014cc                PROVIDE (__heap_start, .)

.eeprom         0x00810000        0x0
 *(.eeprom*)
                0x00810000                __eeprom_end = .

.fuse
 *(.fuse)
 *(.lfuse)
 *(.hfuse)
 *(.efuse)

.lock
 *(.lock*)

.signature
 *(.signature*)

.stab
 *(.stab)

.stabstr
 *(.stabstr)

.stab.excl
 *(.stab.excl)

.stab.exclstr
 *(.stab.exclstr)

.stab.index
 *(.stab.index)

.stab.indexstr
 *(.stab.indexstr)

.comment
 *(.comment)

.debug
 *(.debug)

.line
 *(.line)

.debug_srcinfo
 *(.debug_srcinfo)

.debug_sfnames
 *(.debug_sfnames)

.debug_aranges
 *(.debug_aranges)

.debug_pubnames
 *(.debug_pubnames)

.debug_info
 *(.debug_info)
 *(.gnu.linkonce.wi.*)

.debug_abbrev
 *(.debug_abbrev)

.debug_line
 *(.debug_line)

.debug_frame
 *(.debug_frame)

.debug_str
 *(.debug_str)

.debug_loc
 *(.debug_loc)

.debug_macinfo
 *(.debug_macinfo)
OUTPUT(EmptyProject.elf elf32-avr)
LOAD linker stubs
