Archive member included because of file (symbol)

D:/Files/ProgDev/CPPKelper/freeRTOS/FreeRTOS801/Release/libFreeRTOS801.a(serial.o)
                              ./main.o (xSerialPort)
D:/Files/ProgDev/CPPKelper/freeRTOS/FreeRTOS801/Release/libFreeRTOS801.a(heap_4.o)
                              D:/Files/ProgDev/CPPKelper/freeRTOS/FreeRTOS801/Release/libFreeRTOS801.a(serial.o) (vPortFree)
D:/Files/ProgDev/CPPKelper/freeRTOS/FreeRTOS801/Release/libFreeRTOS801.a(tasks.o)
                              D:/Files/ProgDev/CPPKelper/freeRTOS/FreeRTOS801/Release/libFreeRTOS801.a(heap_4.o) (vTaskSuspendAll)
D:/Files/ProgDev/CPPKelper/freeRTOS/FreeRTOS801/Release/libFreeRTOS801.a(port.o)
                              D:/Files/ProgDev/CPPKelper/freeRTOS/FreeRTOS801/Release/libFreeRTOS801.a(tasks.o) (xPortStartScheduler)
D:/Files/ProgDev/CPPKelper/freeRTOS/FreeRTOS801/Release/libFreeRTOS801.a(system_tick.o)
                              D:/Files/ProgDev/CPPKelper/freeRTOS/FreeRTOS801/Release/libFreeRTOS801.a(port.o) (system_tick)
D:/Files/ProgDev/CPPKelper/freeRTOS/FreeRTOS801/Release/libFreeRTOS801.a(system_time.o)
                              D:/Files/ProgDev/CPPKelper/freeRTOS/FreeRTOS801/Release/libFreeRTOS801.a(system_tick.o) (__system_time)
D:/Files/ProgDev/CPPKelper/freeRTOS/FreeRTOS801/Release/libFreeRTOS801.a(ext_ram.o)
                              D:/Files/ProgDev/CPPKelper/freeRTOS/FreeRTOS801/Release/libFreeRTOS801.a(port.o) (extRAMcheck)
D:/Files/ProgDev/CPPKelper/freeRTOS/FreeRTOS801/Release/libFreeRTOS801.a(list.o)
                              D:/Files/ProgDev/CPPKelper/freeRTOS/FreeRTOS801/Release/libFreeRTOS801.a(tasks.o) (vListInitialise)
d:/arduino/hardware/tools/avr/bin/../lib/gcc/avr/4.3.2/avr6\libgcc.a(_udivmodsi4.o)
                              D:/Files/ProgDev/CPPKelper/freeRTOS/FreeRTOS801/Release/libFreeRTOS801.a(serial.o) (__udivmodsi4)
d:/arduino/hardware/tools/avr/bin/../lib/gcc/avr/4.3.2/avr6\libgcc.a(_prologue.o)
                              ./main.o (__prologue_saves__)
d:/arduino/hardware/tools/avr/bin/../lib/gcc/avr/4.3.2/avr6\libgcc.a(_epilogue.o)
                              D:/Files/ProgDev/CPPKelper/freeRTOS/FreeRTOS801/Release/libFreeRTOS801.a(serial.o) (__epilogue_restores__)
d:/arduino/hardware/tools/avr/bin/../lib/gcc/avr/4.3.2/avr6\libgcc.a(_exit.o)
                              d:/arduino/hardware/tools/avr/bin/../lib/gcc/avr/4.3.2/../../../../avr/lib/avr6/crtm2560.o (exit)
d:/arduino/hardware/tools/avr/bin/../lib/gcc/avr/4.3.2/avr6\libgcc.a(_clear_bss.o)
                              ./main.o (__do_clear_bss)
d:/arduino/hardware/tools/avr/bin/../lib/gcc/avr/4.3.2/../../../../avr/lib/avr6\libc.a(malloc.o)
                              D:/Files/ProgDev/CPPKelper/freeRTOS/FreeRTOS801/Release/libFreeRTOS801.a(ext_ram.o) (__flp)
d:/arduino/hardware/tools/avr/bin/../lib/gcc/avr/4.3.2/../../../../avr/lib/avr6\libc.a(strlen_P.o)
                              D:/Files/ProgDev/CPPKelper/freeRTOS/FreeRTOS801/Release/libFreeRTOS801.a(serial.o) (strlen_P)
d:/arduino/hardware/tools/avr/bin/../lib/gcc/avr/4.3.2/../../../../avr/lib/avr6\libc.a(memset.o)
                              D:/Files/ProgDev/CPPKelper/freeRTOS/FreeRTOS801/Release/libFreeRTOS801.a(tasks.o) (memset)
d:/arduino/hardware/tools/avr/bin/../lib/gcc/avr/4.3.2/../../../../avr/lib/avr6\libc.a(vsnprintf.o)
                              D:/Files/ProgDev/CPPKelper/freeRTOS/FreeRTOS801/Release/libFreeRTOS801.a(serial.o) (vsnprintf)
d:/arduino/hardware/tools/avr/bin/../lib/gcc/avr/4.3.2/../../../../avr/lib/avr6\libc.a(vsnprintf_p.o)
                              D:/Files/ProgDev/CPPKelper/freeRTOS/FreeRTOS801/Release/libFreeRTOS801.a(serial.o) (vsnprintf_P)
d:/arduino/hardware/tools/avr/bin/../lib/gcc/avr/4.3.2/../../../../avr/lib/avr6\libc.a(vfprintf_std.o)
                              d:/arduino/hardware/tools/avr/bin/../lib/gcc/avr/4.3.2/../../../../avr/lib/avr6\libc.a(vsnprintf.o) (vfprintf)
d:/arduino/hardware/tools/avr/bin/../lib/gcc/avr/4.3.2/../../../../avr/lib/avr6\libc.a(strnlen_P.o)
                              d:/arduino/hardware/tools/avr/bin/../lib/gcc/avr/4.3.2/../../../../avr/lib/avr6\libc.a(vfprintf_std.o) (strnlen_P)
d:/arduino/hardware/tools/avr/bin/../lib/gcc/avr/4.3.2/../../../../avr/lib/avr6\libc.a(strnlen.o)
                              d:/arduino/hardware/tools/avr/bin/../lib/gcc/avr/4.3.2/../../../../avr/lib/avr6\libc.a(vfprintf_std.o) (strnlen)
d:/arduino/hardware/tools/avr/bin/../lib/gcc/avr/4.3.2/../../../../avr/lib/avr6\libc.a(fputc.o)
                              d:/arduino/hardware/tools/avr/bin/../lib/gcc/avr/4.3.2/../../../../avr/lib/avr6\libc.a(vfprintf_std.o) (fputc)
d:/arduino/hardware/tools/avr/bin/../lib/gcc/avr/4.3.2/../../../../avr/lib/avr6\libc.a(ultoa_invert.o)
                              d:/arduino/hardware/tools/avr/bin/../lib/gcc/avr/4.3.2/../../../../avr/lib/avr6\libc.a(vfprintf_std.o) (__ultoa_invert)

Allocating common symbols
Common symbol       size              file

xSerialPort         0x20              D:/Files/ProgDev/CPPKelper/freeRTOS/FreeRTOS801/Release/libFreeRTOS801.a(serial.o)
__brkval            0x2               d:/arduino/hardware/tools/avr/bin/../lib/gcc/avr/4.3.2/../../../../avr/lib/avr6\libc.a(malloc.o)
__flp               0x2               d:/arduino/hardware/tools/avr/bin/../lib/gcc/avr/4.3.2/../../../../avr/lib/avr6\libc.a(malloc.o)
xSerial1Port        0x20              D:/Files/ProgDev/CPPKelper/freeRTOS/FreeRTOS801/Release/libFreeRTOS801.a(serial.o)
__system_time       0x4               D:/Files/ProgDev/CPPKelper/freeRTOS/FreeRTOS801/Release/libFreeRTOS801.a(system_time.o)

Memory Configuration

Name             Origin             Length             Attributes
text             0x00000000         0x00100000         xr
data             0x00800200         0x0000fe00         rw !x
eeprom           0x00810000         0x00010000         rw !x
fuse             0x00820000         0x00000400         rw !x
lock             0x00830000         0x00000400         rw !x
signature        0x00840000         0x00000400         rw !x
*default*        0x00000000         0xffffffff

Linker script and memory map

Address of section .data set to 0x800200
LOAD d:/arduino/hardware/tools/avr/bin/../lib/gcc/avr/4.3.2/../../../../avr/lib/avr6/crtm2560.o
LOAD ./main.o
LOAD D:/Files/ProgDev/CPPKelper/freeRTOS/FreeRTOS801/Release/libFreeRTOS801.a
LOAD d:/arduino/hardware/tools/avr/bin/../lib/gcc/avr/4.3.2/../../../../avr/lib/avr6\libm.a
LOAD D:\Files\ProgDev\CPPKelper\freeRTOS\FreeRTOS801\Release\libFreeRTOS801.a
LOAD d:/arduino/hardware/tools/avr/bin/../lib/gcc/avr/4.3.2/avr6\libgcc.a
LOAD d:/arduino/hardware/tools/avr/bin/../lib/gcc/avr/4.3.2/../../../../avr/lib/avr6\libc.a
LOAD d:/arduino/hardware/tools/avr/bin/../lib/gcc/avr/4.3.2/avr6\libgcc.a

.hash
 *(.hash)

.dynsym
 *(.dynsym)

.dynstr
 *(.dynstr)

.gnu.version
 *(.gnu.version)

.gnu.version_d
 *(.gnu.version_d)

.gnu.version_r
 *(.gnu.version_r)

.rel.init
 *(.rel.init)

.rela.init
 *(.rela.init)

.rel.text
 *(.rel.text)
 *(.rel.text.*)
 *(.rel.gnu.linkonce.t*)

.rela.text
 *(.rela.text)
 *(.rela.text.*)
 *(.rela.gnu.linkonce.t*)

.rel.fini
 *(.rel.fini)

.rela.fini
 *(.rela.fini)

.rel.rodata
 *(.rel.rodata)
 *(.rel.rodata.*)
 *(.rel.gnu.linkonce.r*)

.rela.rodata
 *(.rela.rodata)
 *(.rela.rodata.*)
 *(.rela.gnu.linkonce.r*)

.rel.data
 *(.rel.data)
 *(.rel.data.*)
 *(.rel.gnu.linkonce.d*)

.rela.data
 *(.rela.data)
 *(.rela.data.*)
 *(.rela.gnu.linkonce.d*)

.rel.ctors
 *(.rel.ctors)

.rela.ctors
 *(.rela.ctors)

.rel.dtors
 *(.rel.dtors)

.rela.dtors
 *(.rela.dtors)

.rel.got
 *(.rel.got)

.rela.got
 *(.rela.got)

.rel.bss
 *(.rel.bss)

.rela.bss
 *(.rela.bss)

.rel.plt
 *(.rel.plt)

.rela.plt
 *(.rela.plt)

.text           0x00000000     0x3c8e
 *(.vectors)
 .vectors       0x00000000       0xe4 d:/arduino/hardware/tools/avr/bin/../lib/gcc/avr/4.3.2/../../../../avr/lib/avr6/crtm2560.o
                0x00000000                __vectors
                0x00000000                __vector_default
 *(.vectors)
 *(.progmem.gcc*)
 *(.progmem*)
 .progmem.data  0x000000e4       0x3c ./main.o
                0x00000120                . = ALIGN (0x2)
                0x00000120                __trampolines_start = .
 *(.trampolines)
 .trampolines   0x00000120        0x0 linker stubs
 *(.trampolines*)
                0x00000120                __trampolines_end = .
 *(.jumptables)
 *(.jumptables*)
 *(.lowtext)
 .lowtext       0x00000120       0x10 D:/Files/ProgDev/CPPKelper/freeRTOS/FreeRTOS801/Release/libFreeRTOS801.a(tasks.o)
 *(.lowtext*)
                0x00000130                __ctors_start = .
 *(.ctors)
                0x00000130                __ctors_end = .
                0x00000130                __dtors_start = .
 *(.dtors)
                0x00000130                __dtors_end = .
 SORT(*)(.ctors)
 SORT(*)(.dtors)
 *(.init0)
 .init0         0x00000130        0x0 d:/arduino/hardware/tools/avr/bin/../lib/gcc/avr/4.3.2/../../../../avr/lib/avr6/crtm2560.o
                0x00000130                __init
 *(.init0)
 *(.init1)
 *(.init1)
 *(.init2)
 .init2         0x00000130       0x10 d:/arduino/hardware/tools/avr/bin/../lib/gcc/avr/4.3.2/../../../../avr/lib/avr6/crtm2560.o
 *(.init2)
 *(.init3)
 .init3         0x00000140       0x22 D:/Files/ProgDev/CPPKelper/freeRTOS/FreeRTOS801/Release/libFreeRTOS801.a(ext_ram.o)
                0x00000140                extRAMinit
 *(.init3)
 *(.init4)
 .init4         0x00000162       0x1c d:/arduino/hardware/tools/avr/bin/../lib/gcc/avr/4.3.2/../../../../avr/lib/avr6/crtm2560.o
                0x00000162                __do_copy_data
 .init4         0x0000017e       0x10 d:/arduino/hardware/tools/avr/bin/../lib/gcc/avr/4.3.2/avr6\libgcc.a(_clear_bss.o)
                0x0000017e                __do_clear_bss
 *(.init4)
 *(.init5)
 *(.init5)
 *(.init6)
 *(.init6)
 *(.init7)
 *(.init7)
 *(.init8)
 *(.init8)
 *(.init9)
 .init9         0x0000018e        0x8 d:/arduino/hardware/tools/avr/bin/../lib/gcc/avr/4.3.2/../../../../avr/lib/avr6/crtm2560.o
 *(.init9)
 *(.text)
 .text          0x00000196        0x4 d:/arduino/hardware/tools/avr/bin/../lib/gcc/avr/4.3.2/../../../../avr/lib/avr6/crtm2560.o
                0x00000196                __vector_38
                0x00000196                __vector_22
                0x00000196                __vector_28
                0x00000196                __vector_1
                0x00000196                __vector_34
                0x00000196                __vector_24
                0x00000196                __vector_12
                0x00000196                __vector_55
                0x00000196                __vector_46
                0x00000196                __bad_interrupt
                0x00000196                __vector_6
                0x00000196                __vector_31
                0x00000196                __vector_35
                0x00000196                __vector_39
                0x00000196                __vector_3
                0x00000196                __vector_23
                0x00000196                __vector_30
                0x00000196                __vector_45
                0x00000196                __vector_11
                0x00000196                __vector_54
                0x00000196                __vector_13
                0x00000196                __vector_17
                0x00000196                __vector_19
                0x00000196                __vector_56
                0x00000196                __vector_7
                0x00000196                __vector_49
                0x00000196                __vector_41
                0x00000196                __vector_43
                0x00000196                __vector_27
                0x00000196                __vector_5
                0x00000196                __vector_33
                0x00000196                __vector_47
                0x00000196                __vector_52
                0x00000196                __vector_4
                0x00000196                __vector_44
                0x00000196                __vector_51
                0x00000196                __vector_9
                0x00000196                __vector_2
                0x00000196                __vector_21
                0x00000196                __vector_15
                0x00000196                __vector_29
                0x00000196                __vector_40
                0x00000196                __vector_8
                0x00000196                __vector_48
                0x00000196                __vector_14
                0x00000196                __vector_53
                0x00000196                __vector_10
                0x00000196                __vector_50
                0x00000196                __vector_16
                0x00000196                __vector_18
                0x00000196                __vector_20
                0x00000196                __vector_42
 .text          0x0000019a        0x0 ./main.o
 .text          0x0000019a        0x0 D:/Files/ProgDev/CPPKelper/freeRTOS/FreeRTOS801/Release/libFreeRTOS801.a(serial.o)
 .text          0x0000019a        0x0 D:/Files/ProgDev/CPPKelper/freeRTOS/FreeRTOS801/Release/libFreeRTOS801.a(heap_4.o)
 .text          0x0000019a        0x0 D:/Files/ProgDev/CPPKelper/freeRTOS/FreeRTOS801/Release/libFreeRTOS801.a(tasks.o)
 .text          0x0000019a        0x0 D:/Files/ProgDev/CPPKelper/freeRTOS/FreeRTOS801/Release/libFreeRTOS801.a(port.o)
 .text          0x0000019a       0x38 D:/Files/ProgDev/CPPKelper/freeRTOS/FreeRTOS801/Release/libFreeRTOS801.a(system_tick.o)
                0x0000019a                system_tick
 .text          0x000001d2        0x0 D:/Files/ProgDev/CPPKelper/freeRTOS/FreeRTOS801/Release/libFreeRTOS801.a(system_time.o)
 .text          0x000001d2        0x0 D:/Files/ProgDev/CPPKelper/freeRTOS/FreeRTOS801/Release/libFreeRTOS801.a(ext_ram.o)
 .text          0x000001d2        0x0 D:/Files/ProgDev/CPPKelper/freeRTOS/FreeRTOS801/Release/libFreeRTOS801.a(list.o)
 .text          0x000001d2        0x0 d:/arduino/hardware/tools/avr/bin/../lib/gcc/avr/4.3.2/avr6\libgcc.a(_udivmodsi4.o)
 .text          0x000001d2        0x0 d:/arduino/hardware/tools/avr/bin/../lib/gcc/avr/4.3.2/avr6\libgcc.a(_prologue.o)
 .text          0x000001d2        0x0 d:/arduino/hardware/tools/avr/bin/../lib/gcc/avr/4.3.2/avr6\libgcc.a(_epilogue.o)
 .text          0x000001d2        0x0 d:/arduino/hardware/tools/avr/bin/../lib/gcc/avr/4.3.2/avr6\libgcc.a(_exit.o)
 .text          0x000001d2        0x0 d:/arduino/hardware/tools/avr/bin/../lib/gcc/avr/4.3.2/avr6\libgcc.a(_clear_bss.o)
 .text          0x000001d2      0x204 d:/arduino/hardware/tools/avr/bin/../lib/gcc/avr/4.3.2/../../../../avr/lib/avr6\libc.a(malloc.o)
                0x000001d2                malloc
                0x00000326                free
 .text          0x000003d6       0x12 d:/arduino/hardware/tools/avr/bin/../lib/gcc/avr/4.3.2/../../../../avr/lib/avr6\libc.a(strlen_P.o)
                0x000003d6                strlen_P
 .text          0x000003e8        0xe d:/arduino/hardware/tools/avr/bin/../lib/gcc/avr/4.3.2/../../../../avr/lib/avr6\libc.a(memset.o)
                0x000003e8                memset
 .text          0x000003f6       0x54 d:/arduino/hardware/tools/avr/bin/../lib/gcc/avr/4.3.2/../../../../avr/lib/avr6\libc.a(vsnprintf.o)
                0x000003f6                vsnprintf
 .text          0x0000044a       0x54 d:/arduino/hardware/tools/avr/bin/../lib/gcc/avr/4.3.2/../../../../avr/lib/avr6\libc.a(vsnprintf_p.o)
                0x0000044a                vsnprintf_P
 .text          0x0000049e      0x3ba d:/arduino/hardware/tools/avr/bin/../lib/gcc/avr/4.3.2/../../../../avr/lib/avr6\libc.a(vfprintf_std.o)
                0x0000049e                vfprintf
 .text          0x00000858       0x16 d:/arduino/hardware/tools/avr/bin/../lib/gcc/avr/4.3.2/../../../../avr/lib/avr6\libc.a(strnlen_P.o)
                0x00000858                strnlen_P
 .text          0x0000086e       0x16 d:/arduino/hardware/tools/avr/bin/../lib/gcc/avr/4.3.2/../../../../avr/lib/avr6\libc.a(strnlen.o)
                0x0000086e                strnlen
 .text          0x00000884       0x58 d:/arduino/hardware/tools/avr/bin/../lib/gcc/avr/4.3.2/../../../../avr/lib/avr6\libc.a(fputc.o)
                0x00000884                fputc
 .text          0x000008dc       0xbc d:/arduino/hardware/tools/avr/bin/../lib/gcc/avr/4.3.2/../../../../avr/lib/avr6\libc.a(ultoa_invert.o)
                0x000008dc                __ultoa_invert
                0x00000998                . = ALIGN (0x2)
 *(.text.*)
 .text.vApplicationStackOverflowHook
                0x00000998        0x6 ./main.o
                0x00000998                vApplicationStackOverflowHook
 .text.main     0x0000099e       0x9a ./main.o
                0x0000099e                main
 .text.TaskBlinkGreenLED
                0x00000a38       0x36 ./main.o
 .text.TaskBlinkRedLED
                0x00000a6e       0x36 ./main.o
 .text.xSerialFlush
                0x00000aa4       0x4e D:/Files/ProgDev/CPPKelper/freeRTOS/FreeRTOS801/Release/libFreeRTOS801.a(serial.o)
                0x00000aa4                xSerialFlush
 .text.xSerialAvailableChar
                0x00000af2       0x14 D:/Files/ProgDev/CPPKelper/freeRTOS/FreeRTOS801/Release/libFreeRTOS801.a(serial.o)
                0x00000af2                xSerialAvailableChar
 .text.xSerialGetChar
                0x00000b06       0x62 D:/Files/ProgDev/CPPKelper/freeRTOS/FreeRTOS801/Release/libFreeRTOS801.a(serial.o)
                0x00000b06                xSerialGetChar
 .text.xSerialPutChar
                0x00000b68       0xd0 D:/Files/ProgDev/CPPKelper/freeRTOS/FreeRTOS801/Release/libFreeRTOS801.a(serial.o)
                0x00000b68                xSerialPutChar
 .text.avrSerialWrite
                0x00000c38       0x20 D:/Files/ProgDev/CPPKelper/freeRTOS/FreeRTOS801/Release/libFreeRTOS801.a(serial.o)
                0x00000c38                avrSerialWrite
 .text.avrSerialRead
                0x00000c58       0x2a D:/Files/ProgDev/CPPKelper/freeRTOS/FreeRTOS801/Release/libFreeRTOS801.a(serial.o)
                0x00000c58                avrSerialRead
 .text.avrSerialCheckRxComplete
                0x00000c82        0x8 D:/Files/ProgDev/CPPKelper/freeRTOS/FreeRTOS801/Release/libFreeRTOS801.a(serial.o)
                0x00000c82                avrSerialCheckRxComplete
 .text.avrSerialCheckTxReady
                0x00000c8a        0x8 D:/Files/ProgDev/CPPKelper/freeRTOS/FreeRTOS801/Release/libFreeRTOS801.a(serial.o)
                0x00000c8a                avrSerialCheckTxReady
 .text.avrSerialxWrite
                0x00000c92       0x42 D:/Files/ProgDev/CPPKelper/freeRTOS/FreeRTOS801/Release/libFreeRTOS801.a(serial.o)
                0x00000c92                avrSerialxWrite
 .text.avrSerialxRead
                0x00000cd4       0x54 D:/Files/ProgDev/CPPKelper/freeRTOS/FreeRTOS801/Release/libFreeRTOS801.a(serial.o)
                0x00000cd4                avrSerialxRead
 .text.avrSerialxCheckRxComplete
                0x00000d28       0x24 D:/Files/ProgDev/CPPKelper/freeRTOS/FreeRTOS801/Release/libFreeRTOS801.a(serial.o)
                0x00000d28                avrSerialxCheckRxComplete
 .text.avrSerialxCheckTxReady
                0x00000d4c       0x24 D:/Files/ProgDev/CPPKelper/freeRTOS/FreeRTOS801/Release/libFreeRTOS801.a(serial.o)
                0x00000d4c                avrSerialxCheckTxReady
 .text.__vector_25
                0x00000d70       0xa8 D:/Files/ProgDev/CPPKelper/freeRTOS/FreeRTOS801/Release/libFreeRTOS801.a(serial.o)
                0x00000d70                __vector_25
 .text.__vector_26
                0x00000e18       0x94 D:/Files/ProgDev/CPPKelper/freeRTOS/FreeRTOS801/Release/libFreeRTOS801.a(serial.o)
                0x00000e18                __vector_26
 .text.__vector_36
                0x00000eac       0xa8 D:/Files/ProgDev/CPPKelper/freeRTOS/FreeRTOS801/Release/libFreeRTOS801.a(serial.o)
                0x00000eac                __vector_36
 .text.__vector_37
                0x00000f54       0x94 D:/Files/ProgDev/CPPKelper/freeRTOS/FreeRTOS801/Release/libFreeRTOS801.a(serial.o)
                0x00000f54                __vector_37
 .text.avrSerialxPrint_P
                0x00000fe8       0x76 D:/Files/ProgDev/CPPKelper/freeRTOS/FreeRTOS801/Release/libFreeRTOS801.a(serial.o)
                0x00000fe8                avrSerialxPrint_P
 .text.avrSerialPrint_P
                0x0000105e       0x48 D:/Files/ProgDev/CPPKelper/freeRTOS/FreeRTOS801/Release/libFreeRTOS801.a(serial.o)
                0x0000105e                avrSerialPrint_P
 .text.xSerialxPrint_P
                0x000010a6      0x106 D:/Files/ProgDev/CPPKelper/freeRTOS/FreeRTOS801/Release/libFreeRTOS801.a(serial.o)
                0x000010a6                xSerialxPrint_P
 .text.xSerialPrint_P
                0x000011ac      0x108 D:/Files/ProgDev/CPPKelper/freeRTOS/FreeRTOS801/Release/libFreeRTOS801.a(serial.o)
                0x000011ac                xSerialPrint_P
 .text.avrSerialxPrint
                0x000012b4       0x6e D:/Files/ProgDev/CPPKelper/freeRTOS/FreeRTOS801/Release/libFreeRTOS801.a(serial.o)
                0x000012b4                avrSerialxPrint
 .text.avrSerialPrint
                0x00001322       0x46 D:/Files/ProgDev/CPPKelper/freeRTOS/FreeRTOS801/Release/libFreeRTOS801.a(serial.o)
                0x00001322                avrSerialPrint
 .text.xSerialxPrint
                0x00001368      0x10a D:/Files/ProgDev/CPPKelper/freeRTOS/FreeRTOS801/Release/libFreeRTOS801.a(serial.o)
                0x00001368                xSerialxPrint
 .text.xSerialPrint
                0x00001472      0x104 D:/Files/ProgDev/CPPKelper/freeRTOS/FreeRTOS801/Release/libFreeRTOS801.a(serial.o)
                0x00001472                xSerialPrint
 .text.avrSerialxPrintf_P
                0x00001576       0x78 D:/Files/ProgDev/CPPKelper/freeRTOS/FreeRTOS801/Release/libFreeRTOS801.a(serial.o)
                0x00001576                avrSerialxPrintf_P
 .text.avrSerialPrintf_P
                0x000015ee       0x6e D:/Files/ProgDev/CPPKelper/freeRTOS/FreeRTOS801/Release/libFreeRTOS801.a(serial.o)
                0x000015ee                avrSerialPrintf_P
 .text.avrSerialxPrintf
                0x0000165c       0x78 D:/Files/ProgDev/CPPKelper/freeRTOS/FreeRTOS801/Release/libFreeRTOS801.a(serial.o)
                0x0000165c                avrSerialxPrintf
 .text.avrSerialPrintf
                0x000016d4       0x6e D:/Files/ProgDev/CPPKelper/freeRTOS/FreeRTOS801/Release/libFreeRTOS801.a(serial.o)
                0x000016d4                avrSerialPrintf
 .text.vSerialClose
                0x00001742       0x74 D:/Files/ProgDev/CPPKelper/freeRTOS/FreeRTOS801/Release/libFreeRTOS801.a(serial.o)
                0x00001742                vSerialClose
 .text.xSerialPortInitMinimal
                0x000017b6      0x18a D:/Files/ProgDev/CPPKelper/freeRTOS/FreeRTOS801/Release/libFreeRTOS801.a(serial.o)
                0x000017b6                xSerialPortInitMinimal
 .text.xSerialxPrintf_P
                0x00001940       0x68 D:/Files/ProgDev/CPPKelper/freeRTOS/FreeRTOS801/Release/libFreeRTOS801.a(serial.o)
                0x00001940                xSerialxPrintf_P
 .text.xSerialxPrintf
                0x000019a8       0x68 D:/Files/ProgDev/CPPKelper/freeRTOS/FreeRTOS801/Release/libFreeRTOS801.a(serial.o)
                0x000019a8                xSerialxPrintf
 .text.xSerialPrintf_P
                0x00001a10       0x76 D:/Files/ProgDev/CPPKelper/freeRTOS/FreeRTOS801/Release/libFreeRTOS801.a(serial.o)
                0x00001a10                xSerialPrintf_P
 .text.xSerialPrintf
                0x00001a86       0x76 D:/Files/ProgDev/CPPKelper/freeRTOS/FreeRTOS801/Release/libFreeRTOS801.a(serial.o)
                0x00001a86                xSerialPrintf
 .text.hot      0x00001afc      0x2f8 D:/Files/ProgDev/CPPKelper/freeRTOS/FreeRTOS801/Release/libFreeRTOS801.a(heap_4.o)
                0x00001afc                xPortGetFreeHeapSize
                0x00001b12                vPortFree
                0x00001bf8                pvPortMalloc
                0x00001b10                vPortInitialiseBlocks
                0x00001b06                xPortGetMinimumEverFreeHeapSize
 .text.hot      0x00001df4     0x16ec D:/Files/ProgDev/CPPKelper/freeRTOS/FreeRTOS801/Release/libFreeRTOS801.a(tasks.o)
                0x000023a8                vTaskPlaceOnUnorderedEventList
                0x00003126                vTaskEndScheduler
                0x00002486                vTaskPlaceOnEventList
                0x00003132                xTaskGenericCreate
                0x00001ec4                uxTaskGetStackHighWaterMark
                0x000022fa                xTaskResumeFromISR
                0x00001e00                xTaskGetTickCount
                0x000020b2                xTaskRemoveFromEventList
                0x00001e3e                xTaskCheckForTimeOut
                0x00001df4                vTaskSuspendAll
                0x00001e16                xTaskGetTickCountFromISR
                0x00001f3e                vTaskPriorityDisinherit
                0x00001fa2                vTaskPriorityInherit
                0x000028a0                vTaskResume
                0x00002556                vTaskSwitchContext
                0x0000292c                vTaskSuspend
                0x00001e22                uxTaskGetNumberOfTasks
                0x00002de6                vTaskDelayUntil
                0x00001f02                xTaskGetCurrentTaskHandle
                0x00002042                xTaskRemoveFromUnorderedEventList
                0x00002626                xTaskResumeAll
                0x0000332a                vTaskStartScheduler
                0x00001ebc                vTaskMissedYield
                0x00002144                xTaskIncrementTick
                0x00002ad6                vTaskDelay
                0x00001e28                vTaskSetTimeOutState
                0x00001f0e                uxTaskResetEventItemValue
 .text.hot      0x000034e0      0x154 D:/Files/ProgDev/CPPKelper/freeRTOS/FreeRTOS801/Release/libFreeRTOS801.a(port.o)
                0x000034e0                xPortStartScheduler
                0x00003572                vPortEndScheduler
                0x00003574                pxPortInitialiseStack
 .text.vPortYieldFromTick
                0x00003634       0xf8 D:/Files/ProgDev/CPPKelper/freeRTOS/FreeRTOS801/Release/libFreeRTOS801.a(port.o)
                0x00003634                vPortYieldFromTick
 .text.__vector_32
                0x0000372c        0x6 D:/Files/ProgDev/CPPKelper/freeRTOS/FreeRTOS801/Release/libFreeRTOS801.a(port.o)
                0x0000372c                __vector_32
 .text.vPortYield
                0x00003732       0xc2 D:/Files/ProgDev/CPPKelper/freeRTOS/FreeRTOS801/Release/libFreeRTOS801.a(port.o)
                0x00003732                vPortYield
 .text.extRAMcheck
                0x000037f4        0x6 D:/Files/ProgDev/CPPKelper/freeRTOS/FreeRTOS801/Release/libFreeRTOS801.a(ext_ram.o)
                0x000037f4                extRAMcheck
 .text.saveHeap
                0x000037fa       0x5c D:/Files/ProgDev/CPPKelper/freeRTOS/FreeRTOS801/Release/libFreeRTOS801.a(ext_ram.o)
                0x000037fa                saveHeap
 .text.restoreHeap
                0x00003856       0x5c D:/Files/ProgDev/CPPKelper/freeRTOS/FreeRTOS801/Release/libFreeRTOS801.a(ext_ram.o)
                0x00003856                restoreHeap
 .text.setMemoryBank
                0x000038b2       0xde D:/Files/ProgDev/CPPKelper/freeRTOS/FreeRTOS801/Release/libFreeRTOS801.a(ext_ram.o)
                0x000038b2                setMemoryBank
 .text.extRAMInitHeap
                0x00003990       0x8e D:/Files/ProgDev/CPPKelper/freeRTOS/FreeRTOS801/Release/libFreeRTOS801.a(ext_ram.o)
                0x00003990                extRAMInitHeap
 .text.extRAMSelfTest
                0x00003a1e       0x9a D:/Files/ProgDev/CPPKelper/freeRTOS/FreeRTOS801/Release/libFreeRTOS801.a(ext_ram.o)
                0x00003a1e                extRAMSelfTest
 .text.vListInitialise
                0x00003ab8       0x20 D:/Files/ProgDev/CPPKelper/freeRTOS/FreeRTOS801/Release/libFreeRTOS801.a(list.o)
                0x00003ab8                vListInitialise
 .text.vListInitialiseItem
                0x00003ad8        0x8 D:/Files/ProgDev/CPPKelper/freeRTOS/FreeRTOS801/Release/libFreeRTOS801.a(list.o)
                0x00003ad8                vListInitialiseItem
 .text.vListInsertEnd
                0x00003ae0       0x3e D:/Files/ProgDev/CPPKelper/freeRTOS/FreeRTOS801/Release/libFreeRTOS801.a(list.o)
                0x00003ae0                vListInsertEnd
 .text.vListInsert
                0x00003b1e       0x64 D:/Files/ProgDev/CPPKelper/freeRTOS/FreeRTOS801/Release/libFreeRTOS801.a(list.o)
                0x00003b1e                vListInsert
 .text.uxListRemove
                0x00003b82       0x56 D:/Files/ProgDev/CPPKelper/freeRTOS/FreeRTOS801/Release/libFreeRTOS801.a(list.o)
                0x00003b82                uxListRemove
 .text.libgcc   0x00003bd8       0x44 d:/arduino/hardware/tools/avr/bin/../lib/gcc/avr/4.3.2/avr6\libgcc.a(_udivmodsi4.o)
                0x00003bd8                __udivmodsi4
 .text.libgcc   0x00003c1c       0x38 d:/arduino/hardware/tools/avr/bin/../lib/gcc/avr/4.3.2/avr6\libgcc.a(_prologue.o)
                0x00003c1c                __prologue_saves__
 .text.libgcc   0x00003c54       0x36 d:/arduino/hardware/tools/avr/bin/../lib/gcc/avr/4.3.2/avr6\libgcc.a(_epilogue.o)
                0x00003c54                __epilogue_restores__
 .text.libgcc   0x00003c8a        0x0 d:/arduino/hardware/tools/avr/bin/../lib/gcc/avr/4.3.2/avr6\libgcc.a(_exit.o)
 .text.libgcc   0x00003c8a        0x0 d:/arduino/hardware/tools/avr/bin/../lib/gcc/avr/4.3.2/avr6\libgcc.a(_clear_bss.o)
                0x00003c8a                . = ALIGN (0x2)
 *(.fini9)
 .fini9         0x00003c8a        0x0 d:/arduino/hardware/tools/avr/bin/../lib/gcc/avr/4.3.2/avr6\libgcc.a(_exit.o)
                0x00003c8a                exit
                0x00003c8a                _exit
 *(.fini9)
 *(.fini8)
 *(.fini8)
 *(.fini7)
 *(.fini7)
 *(.fini6)
 *(.fini6)
 *(.fini5)
 *(.fini5)
 *(.fini4)
 *(.fini4)
 *(.fini3)
 *(.fini3)
 *(.fini2)
 *(.fini2)
 *(.fini1)
 *(.fini1)
 *(.fini0)
 .fini0         0x00003c8a        0x4 d:/arduino/hardware/tools/avr/bin/../lib/gcc/avr/4.3.2/avr6\libgcc.a(_exit.o)
 *(.fini0)
                0x00003c8e                _etext = .

.data           0x00800200       0x22 load address 0x00003c8e
                0x00800200                PROVIDE (__data_start, .)
 *(.data)
 .data          0x00800200        0x0 d:/arduino/hardware/tools/avr/bin/../lib/gcc/avr/4.3.2/../../../../avr/lib/avr6/crtm2560.o
 .data          0x00800200       0x10 ./main.o
 .data          0x00800210        0x0 D:/Files/ProgDev/CPPKelper/freeRTOS/FreeRTOS801/Release/libFreeRTOS801.a(serial.o)
 .data          0x00800210        0x0 D:/Files/ProgDev/CPPKelper/freeRTOS/FreeRTOS801/Release/libFreeRTOS801.a(heap_4.o)
 .data          0x00800210        0x5 D:/Files/ProgDev/CPPKelper/freeRTOS/FreeRTOS801/Release/libFreeRTOS801.a(tasks.o)
 .data          0x00800215        0x0 D:/Files/ProgDev/CPPKelper/freeRTOS/FreeRTOS801/Release/libFreeRTOS801.a(port.o)
 .data          0x00800215        0x0 D:/Files/ProgDev/CPPKelper/freeRTOS/FreeRTOS801/Release/libFreeRTOS801.a(system_tick.o)
 .data          0x00800215        0x0 D:/Files/ProgDev/CPPKelper/freeRTOS/FreeRTOS801/Release/libFreeRTOS801.a(system_time.o)
 .data          0x00800215        0x0 D:/Files/ProgDev/CPPKelper/freeRTOS/FreeRTOS801/Release/libFreeRTOS801.a(ext_ram.o)
 .data          0x00800215        0x0 D:/Files/ProgDev/CPPKelper/freeRTOS/FreeRTOS801/Release/libFreeRTOS801.a(list.o)
 .data          0x00800215        0x0 d:/arduino/hardware/tools/avr/bin/../lib/gcc/avr/4.3.2/avr6\libgcc.a(_udivmodsi4.o)
 .data          0x00800215        0x0 d:/arduino/hardware/tools/avr/bin/../lib/gcc/avr/4.3.2/avr6\libgcc.a(_prologue.o)
 .data          0x00800215        0x0 d:/arduino/hardware/tools/avr/bin/../lib/gcc/avr/4.3.2/avr6\libgcc.a(_epilogue.o)
 .data          0x00800215        0x0 d:/arduino/hardware/tools/avr/bin/../lib/gcc/avr/4.3.2/avr6\libgcc.a(_exit.o)
 .data          0x00800215        0x0 d:/arduino/hardware/tools/avr/bin/../lib/gcc/avr/4.3.2/avr6\libgcc.a(_clear_bss.o)
 .data          0x00800215        0x6 d:/arduino/hardware/tools/avr/bin/../lib/gcc/avr/4.3.2/../../../../avr/lib/avr6\libc.a(malloc.o)
                0x00800217                __malloc_heap_start
                0x00800219                __malloc_heap_end
                0x00800215                __malloc_margin
 .data          0x0080021b        0x0 d:/arduino/hardware/tools/avr/bin/../lib/gcc/avr/4.3.2/../../../../avr/lib/avr6\libc.a(strlen_P.o)
 .data          0x0080021b        0x0 d:/arduino/hardware/tools/avr/bin/../lib/gcc/avr/4.3.2/../../../../avr/lib/avr6\libc.a(memset.o)
 .data          0x0080021b        0x0 d:/arduino/hardware/tools/avr/bin/../lib/gcc/avr/4.3.2/../../../../avr/lib/avr6\libc.a(vsnprintf.o)
 .data          0x0080021b        0x0 d:/arduino/hardware/tools/avr/bin/../lib/gcc/avr/4.3.2/../../../../avr/lib/avr6\libc.a(vsnprintf_p.o)
 .data          0x0080021b        0x0 d:/arduino/hardware/tools/avr/bin/../lib/gcc/avr/4.3.2/../../../../avr/lib/avr6\libc.a(vfprintf_std.o)
 .data          0x0080021b        0x0 d:/arduino/hardware/tools/avr/bin/../lib/gcc/avr/4.3.2/../../../../avr/lib/avr6\libc.a(strnlen_P.o)
 .data          0x0080021b        0x0 d:/arduino/hardware/tools/avr/bin/../lib/gcc/avr/4.3.2/../../../../avr/lib/avr6\libc.a(strnlen.o)
 .data          0x0080021b        0x0 d:/arduino/hardware/tools/avr/bin/../lib/gcc/avr/4.3.2/../../../../avr/lib/avr6\libc.a(fputc.o)
 .data          0x0080021b        0x0 d:/arduino/hardware/tools/avr/bin/../lib/gcc/avr/4.3.2/../../../../avr/lib/avr6\libc.a(ultoa_invert.o)
 *(.data*)
 .data.xMinimumEverFreeBytesRemaining
                0x0080021b        0x2 D:/Files/ProgDev/CPPKelper/freeRTOS/FreeRTOS801/Release/libFreeRTOS801.a(heap_4.o)
 .data.xFreeBytesRemaining
                0x0080021d        0x2 D:/Files/ProgDev/CPPKelper/freeRTOS/FreeRTOS801/Release/libFreeRTOS801.a(heap_4.o)
 .data.xNextTaskUnblockTime
                0x0080021f        0x2 D:/Files/ProgDev/CPPKelper/freeRTOS/FreeRTOS801/Release/libFreeRTOS801.a(tasks.o)
 *(.rodata)
 *(.rodata*)
 *(.gnu.linkonce.d*)
                0x00800222                . = ALIGN (0x2)
 *fill*         0x00800221        0x1 00
                0x00800222                _edata = .
                0x00800222                PROVIDE (__data_end, .)

.ext_ram_heap   0x00800222     0x7fff load address 0x00003cb0
 .ext_ram_heap  0x00800222     0x7fff D:/Files/ProgDev/CPPKelper/freeRTOS/FreeRTOS801/Release/libFreeRTOS801.a(heap_4.o)

.bss            0x00808221       0xbd
                0x00808221                PROVIDE (__bss_start, .)
 *(.bss)
 .bss           0x00808221        0x0 d:/arduino/hardware/tools/avr/bin/../lib/gcc/avr/4.3.2/../../../../avr/lib/avr6/crtm2560.o
 .bss           0x00808221        0x0 ./main.o
 .bss           0x00808221        0x0 D:/Files/ProgDev/CPPKelper/freeRTOS/FreeRTOS801/Release/libFreeRTOS801.a(serial.o)
 .bss           0x00808221        0x0 D:/Files/ProgDev/CPPKelper/freeRTOS/FreeRTOS801/Release/libFreeRTOS801.a(heap_4.o)
 .bss           0x00808221        0x0 D:/Files/ProgDev/CPPKelper/freeRTOS/FreeRTOS801/Release/libFreeRTOS801.a(tasks.o)
 .bss           0x00808221        0x0 D:/Files/ProgDev/CPPKelper/freeRTOS/FreeRTOS801/Release/libFreeRTOS801.a(port.o)
 .bss           0x00808221        0x0 D:/Files/ProgDev/CPPKelper/freeRTOS/FreeRTOS801/Release/libFreeRTOS801.a(system_tick.o)
 .bss           0x00808221        0x0 D:/Files/ProgDev/CPPKelper/freeRTOS/FreeRTOS801/Release/libFreeRTOS801.a(system_time.o)
 .bss           0x00808221        0x0 D:/Files/ProgDev/CPPKelper/freeRTOS/FreeRTOS801/Release/libFreeRTOS801.a(ext_ram.o)
 .bss           0x00808221        0x0 D:/Files/ProgDev/CPPKelper/freeRTOS/FreeRTOS801/Release/libFreeRTOS801.a(list.o)
 .bss           0x00808221        0x0 d:/arduino/hardware/tools/avr/bin/../lib/gcc/avr/4.3.2/avr6\libgcc.a(_udivmodsi4.o)
 .bss           0x00808221        0x0 d:/arduino/hardware/tools/avr/bin/../lib/gcc/avr/4.3.2/avr6\libgcc.a(_prologue.o)
 .bss           0x00808221        0x0 d:/arduino/hardware/tools/avr/bin/../lib/gcc/avr/4.3.2/avr6\libgcc.a(_epilogue.o)
 .bss           0x00808221        0x0 d:/arduino/hardware/tools/avr/bin/../lib/gcc/avr/4.3.2/avr6\libgcc.a(_exit.o)
 .bss           0x00808221        0x0 d:/arduino/hardware/tools/avr/bin/../lib/gcc/avr/4.3.2/avr6\libgcc.a(_clear_bss.o)
 .bss           0x00808221        0x0 d:/arduino/hardware/tools/avr/bin/../lib/gcc/avr/4.3.2/../../../../avr/lib/avr6\libc.a(malloc.o)
 .bss           0x00808221        0x0 d:/arduino/hardware/tools/avr/bin/../lib/gcc/avr/4.3.2/../../../../avr/lib/avr6\libc.a(strlen_P.o)
 .bss           0x00808221        0x0 d:/arduino/hardware/tools/avr/bin/../lib/gcc/avr/4.3.2/../../../../avr/lib/avr6\libc.a(memset.o)
 .bss           0x00808221        0x0 d:/arduino/hardware/tools/avr/bin/../lib/gcc/avr/4.3.2/../../../../avr/lib/avr6\libc.a(vsnprintf.o)
 .bss           0x00808221        0x0 d:/arduino/hardware/tools/avr/bin/../lib/gcc/avr/4.3.2/../../../../avr/lib/avr6\libc.a(vsnprintf_p.o)
 .bss           0x00808221        0x0 d:/arduino/hardware/tools/avr/bin/../lib/gcc/avr/4.3.2/../../../../avr/lib/avr6\libc.a(vfprintf_std.o)
 .bss           0x00808221        0x0 d:/arduino/hardware/tools/avr/bin/../lib/gcc/avr/4.3.2/../../../../avr/lib/avr6\libc.a(strnlen_P.o)
 .bss           0x00808221        0x0 d:/arduino/hardware/tools/avr/bin/../lib/gcc/avr/4.3.2/../../../../avr/lib/avr6\libc.a(strnlen.o)
 .bss           0x00808221        0x0 d:/arduino/hardware/tools/avr/bin/../lib/gcc/avr/4.3.2/../../../../avr/lib/avr6\libc.a(fputc.o)
 .bss           0x00808221        0x0 d:/arduino/hardware/tools/avr/bin/../lib/gcc/avr/4.3.2/../../../../avr/lib/avr6\libc.a(ultoa_invert.o)
 *(.bss*)
 .bss.xBlockAllocatedBit
                0x00808221        0x2 D:/Files/ProgDev/CPPKelper/freeRTOS/FreeRTOS801/Release/libFreeRTOS801.a(heap_4.o)
 .bss.pxEnd     0x00808223        0x2 D:/Files/ProgDev/CPPKelper/freeRTOS/FreeRTOS801/Release/libFreeRTOS801.a(heap_4.o)
 .bss.xStart    0x00808225        0x4 D:/Files/ProgDev/CPPKelper/freeRTOS/FreeRTOS801/Release/libFreeRTOS801.a(heap_4.o)
 .bss.pxCurrentTCB
                0x00808229        0x2 D:/Files/ProgDev/CPPKelper/freeRTOS/FreeRTOS801/Release/libFreeRTOS801.a(tasks.o)
                0x00808229                pxCurrentTCB
 .bss.uxTopReadyPriority
                0x0080822b        0x1 D:/Files/ProgDev/CPPKelper/freeRTOS/FreeRTOS801/Release/libFreeRTOS801.a(tasks.o)
 .bss.xYieldPending
                0x0080822c        0x1 D:/Files/ProgDev/CPPKelper/freeRTOS/FreeRTOS801/Release/libFreeRTOS801.a(tasks.o)
 .bss.xTickCount
                0x0080822d        0x2 D:/Files/ProgDev/CPPKelper/freeRTOS/FreeRTOS801/Release/libFreeRTOS801.a(tasks.o)
 .bss.xNumOfOverflows
                0x0080822f        0x1 D:/Files/ProgDev/CPPKelper/freeRTOS/FreeRTOS801/Release/libFreeRTOS801.a(tasks.o)
 .bss.uxSchedulerSuspended
                0x00808230        0x1 D:/Files/ProgDev/CPPKelper/freeRTOS/FreeRTOS801/Release/libFreeRTOS801.a(tasks.o)
 .bss.uxPendedTicks
                0x00808231        0x1 D:/Files/ProgDev/CPPKelper/freeRTOS/FreeRTOS801/Release/libFreeRTOS801.a(tasks.o)
 .bss.uxCurrentNumberOfTasks
                0x00808232        0x1 D:/Files/ProgDev/CPPKelper/freeRTOS/FreeRTOS801/Release/libFreeRTOS801.a(tasks.o)
 .bss.xSchedulerRunning
                0x00808233        0x1 D:/Files/ProgDev/CPPKelper/freeRTOS/FreeRTOS801/Release/libFreeRTOS801.a(tasks.o)
 .bss.uxTaskNumber
                0x00808234        0x1 D:/Files/ProgDev/CPPKelper/freeRTOS/FreeRTOS801/Release/libFreeRTOS801.a(tasks.o)
 .bss.pxReadyTasksLists
                0x00808235       0x24 D:/Files/ProgDev/CPPKelper/freeRTOS/FreeRTOS801/Release/libFreeRTOS801.a(tasks.o)
 .bss.xDelayedTaskList1
                0x00808259        0x9 D:/Files/ProgDev/CPPKelper/freeRTOS/FreeRTOS801/Release/libFreeRTOS801.a(tasks.o)
 .bss.xDelayedTaskList2
                0x00808262        0x9 D:/Files/ProgDev/CPPKelper/freeRTOS/FreeRTOS801/Release/libFreeRTOS801.a(tasks.o)
 .bss.pxDelayedTaskList
                0x0080826b        0x2 D:/Files/ProgDev/CPPKelper/freeRTOS/FreeRTOS801/Release/libFreeRTOS801.a(tasks.o)
 .bss.pxOverflowDelayedTaskList
                0x0080826d        0x2 D:/Files/ProgDev/CPPKelper/freeRTOS/FreeRTOS801/Release/libFreeRTOS801.a(tasks.o)
 .bss.xPendingReadyList
                0x0080826f        0x9 D:/Files/ProgDev/CPPKelper/freeRTOS/FreeRTOS801/Release/libFreeRTOS801.a(tasks.o)
 .bss.xSuspendedTaskList
                0x00808278        0x9 D:/Files/ProgDev/CPPKelper/freeRTOS/FreeRTOS801/Release/libFreeRTOS801.a(tasks.o)
 .bss.portTickRateHz
                0x00808281        0x2 D:/Files/ProgDev/CPPKelper/freeRTOS/FreeRTOS801/Release/libFreeRTOS801.a(port.o)
 .bss.ticksRemainingInSec
                0x00808283        0x2 D:/Files/ProgDev/CPPKelper/freeRTOS/FreeRTOS801/Release/libFreeRTOS801.a(port.o)
 .bss.bankHeapStates
                0x00808285       0x10 D:/Files/ProgDev/CPPKelper/freeRTOS/FreeRTOS801/Release/libFreeRTOS801.a(ext_ram.o)
 .bss.currentBank
                0x00808295        0x1 D:/Files/ProgDev/CPPKelper/freeRTOS/FreeRTOS801/Release/libFreeRTOS801.a(ext_ram.o)
 *(COMMON)
 COMMON         0x00808296       0x40 D:/Files/ProgDev/CPPKelper/freeRTOS/FreeRTOS801/Release/libFreeRTOS801.a(serial.o)
                0x00808296                xSerialPort
                0x008082b6                xSerial1Port
 COMMON         0x008082d6        0x4 D:/Files/ProgDev/CPPKelper/freeRTOS/FreeRTOS801/Release/libFreeRTOS801.a(system_time.o)
                0x008082d6                __system_time
 COMMON         0x008082da        0x4 d:/arduino/hardware/tools/avr/bin/../lib/gcc/avr/4.3.2/../../../../avr/lib/avr6\libc.a(malloc.o)
                0x008082da                __brkval
                0x008082dc                __flp
                0x008082de                PROVIDE (__bss_end, .)
                0x00003c8e                __data_load_start = LOADADDR (.data)
                0x00003cb0                __data_load_end = (__data_load_start + SIZEOF (.data))

.noinit         0x008082de        0x0
                0x008082de                PROVIDE (__noinit_start, .)
 *(.noinit*)
                0x008082de                PROVIDE (__noinit_end, .)
                0x008082de                _end = .
                0x008082de                PROVIDE (__heap_start, .)

.eeprom         0x00810000        0x0
 *(.eeprom*)
                0x00810000                __eeprom_end = .

.fuse
 *(.fuse)
 *(.lfuse)
 *(.hfuse)
 *(.efuse)

.lock
 *(.lock*)

.signature
 *(.signature*)

.stab
 *(.stab)

.stabstr
 *(.stabstr)

.stab.excl
 *(.stab.excl)

.stab.exclstr
 *(.stab.exclstr)

.stab.index
 *(.stab.index)

.stab.indexstr
 *(.stab.indexstr)

.comment
 *(.comment)

.debug
 *(.debug)

.line
 *(.line)

.debug_srcinfo
 *(.debug_srcinfo)

.debug_sfnames
 *(.debug_sfnames)

.debug_aranges
 *(.debug_aranges)

.debug_pubnames
 *(.debug_pubnames)

.debug_info
 *(.debug_info)
 *(.gnu.linkonce.wi.*)

.debug_abbrev
 *(.debug_abbrev)

.debug_line
 *(.debug_line)

.debug_frame
 *(.debug_frame)

.debug_str
 *(.debug_str)

.debug_loc
 *(.debug_loc)

.debug_macinfo
 *(.debug_macinfo)
OUTPUT(MegaBlink.elf elf32-avr)
LOAD linker stubs
